I'm sorry, but errors were detected in your script. Please correct the
errors listed below, and try again.


File "game/gui.rpy", line 441: invalid syntax
        gui.textbox_yalign = -
    

Ren'Py Version: Ren'Py 8.0.1.22070801
Fri Oct 13 20:29:07 2023
